main.c:66:6:HAL_TIM_PeriodElapsedCallback	16	static
main.c:86:6:HAL_GPIO_EXTI_Callback	16	static
main.c:98:5:main	8	static
main.c:198:6:SystemClock_Config	232	static
main.c:247:13:MX_TIM2_Init	40	static
main.c:292:13:MX_USART2_UART_Init	8	static
main.c:327:13:MX_GPIO_Init	40	static
main.c:358:6:init_led_struct	16	static
main.c:364:6:init_fsm	16	static
main.c:372:6:run_fsm	16	static
main.c:424:15:button_pressed	16	static
main.c:428:6:print_current_state	16	static
main.c:454:6:Error_Handler	4	static
